1: bitPos: 5
2:
1 0 0 1 1 
3: bitPos: 5
4: bitPos: 17
5:
1 0 0 1 1 1 0 0 1 0 0 1 1 1 0 0 1 
6: bitPos: 17
7:
1 0 0 1 1 1 0 0 1 1 1 0 0 1 0 0 1 1 1 0 0 1 
8:
1 0 0 1 1 1 0 0 1 0 0 1 1 1 0 0 1 
9: actualReadBits: 7
10:
1 1 0 0 1 0 0 0 0 0 0 0 0 0 0 0 0 
11:
1 0 0 1 1 
12:
1 0 0 1 1 
