ROCK AND STONE!
rock and stone!
rock and stone!
$$$rock and stone!$$$
$$$rock and stone!$$$$
1:Success!Rock and stone!
3:Success!Rock and stone!
5:Success!Rock and stone!
7:Success!Rock and stone!
9:Success!Rock and stone!
11:Success!Rock and stone!
13:Success!Rock and stone!
15:Success!Rock and stone!
17:Success!Rock and stone!
19:Success!Rock and stone!
21:Success!Rock and stone!
23:Success!Rock and stone!
25:Rock and rock!
26:Rock and rock!Rock and rock!Rock and stone!
27:Rock and stone!
28:Rock and rock!
29:Rock and EXPAND$rock$EXPAND!
30:A
30:D
30:B
30:C
31:Rock and stone!
31:We are rich!
31:XXXX
32:Rock an
33:Rock XXXXXand stone!
34:Rock big thingsand stone!
35:Rock and stone!You can do big things with a small team!Always deliver more than expected!
36:Rock and stone!You can do big things with a small team!Always deliver more than expected!hard
37:Rock  stone!
38:Wors than failing is to nvr hav trid in th first plac!
39:!evarg nwo ruoy gid ro - rehtegot giD
40:
41:0
42:faaaaffff
43:junk
44:stone
